Archive member included because of file (symbol)

c:/winavr-20100110/bin/../lib/gcc/avr/4.3.3/avr5\libgcc.a(_divmodhi4.o)
                              ./src/uart/uart.o (__divmodhi4)
c:/winavr-20100110/bin/../lib/gcc/avr/4.3.3/avr5\libgcc.a(_udivmodsi4.o)
                              ./src/dsprintf/dsprintf.o (__udivmodsi4)
c:/winavr-20100110/bin/../lib/gcc/avr/4.3.3/avr5\libgcc.a(_exit.o)
                              c:/winavr-20100110/bin/../lib/gcc/avr/4.3.3/../../../../avr/lib/avr5/crtm328p.o (exit)
c:/winavr-20100110/bin/../lib/gcc/avr/4.3.3/avr5\libgcc.a(_copy_data.o)
                              ./src/main.o (__do_copy_data)
c:/winavr-20100110/bin/../lib/gcc/avr/4.3.3/avr5\libgcc.a(_clear_bss.o)
                              ./src/uart/uart.o (__do_clear_bss)
c:/winavr-20100110/bin/../lib/gcc/avr/4.3.3/avr5\libgcc.a(_udivmodhi4.o)
                              c:/winavr-20100110/bin/../lib/gcc/avr/4.3.3/avr5\libgcc.a(_divmodhi4.o) (__udivmodhi4)
c:/winavr-20100110/bin/../lib/gcc/avr/4.3.3/../../../../avr/lib/avr5\libc.a(strcmp_P.o)
                              ./src/commandInterpreter.o (strcmp_P)
c:/winavr-20100110/bin/../lib/gcc/avr/4.3.3/../../../../avr/lib/avr5\libc.a(strcpy_P.o)
                              ./src/commandInterpreter.o (strcpy_P)
c:/winavr-20100110/bin/../lib/gcc/avr/4.3.3/../../../../avr/lib/avr5\libc.a(iob.o)
                              ./src/main.o (__iob)
c:/winavr-20100110/bin/../lib/gcc/avr/4.3.3/../../../../avr/lib/avr5\libc.a(printf_p.o)
                              ./src/commandInterpreter.o (printf_P)
c:/winavr-20100110/bin/../lib/gcc/avr/4.3.3/../../../../avr/lib/avr5\libc.a(vfprintf_std.o)
                              c:/winavr-20100110/bin/../lib/gcc/avr/4.3.3/../../../../avr/lib/avr5\libc.a(printf_p.o) (vfprintf)
c:/winavr-20100110/bin/../lib/gcc/avr/4.3.3/../../../../avr/lib/avr5\libc.a(strnlen_P.o)
                              c:/winavr-20100110/bin/../lib/gcc/avr/4.3.3/../../../../avr/lib/avr5\libc.a(vfprintf_std.o) (strnlen_P)
c:/winavr-20100110/bin/../lib/gcc/avr/4.3.3/../../../../avr/lib/avr5\libc.a(strnlen.o)
                              c:/winavr-20100110/bin/../lib/gcc/avr/4.3.3/../../../../avr/lib/avr5\libc.a(vfprintf_std.o) (strnlen)
c:/winavr-20100110/bin/../lib/gcc/avr/4.3.3/../../../../avr/lib/avr5\libc.a(fputc.o)
                              c:/winavr-20100110/bin/../lib/gcc/avr/4.3.3/../../../../avr/lib/avr5\libc.a(vfprintf_std.o) (fputc)
c:/winavr-20100110/bin/../lib/gcc/avr/4.3.3/../../../../avr/lib/avr5\libc.a(ultoa_invert.o)
                              c:/winavr-20100110/bin/../lib/gcc/avr/4.3.3/../../../../avr/lib/avr5\libc.a(vfprintf_std.o) (__ultoa_invert)
c:/winavr-20100110/bin/../lib/gcc/avr/4.3.3/avr5\libgcc.a(_prologue.o)
                              c:/winavr-20100110/bin/../lib/gcc/avr/4.3.3/../../../../avr/lib/avr5\libc.a(printf_p.o) (__prologue_saves__)
c:/winavr-20100110/bin/../lib/gcc/avr/4.3.3/avr5\libgcc.a(_epilogue.o)
                              c:/winavr-20100110/bin/../lib/gcc/avr/4.3.3/../../../../avr/lib/avr5\libc.a(printf_p.o) (__epilogue_restores__)

Allocating common symbols
Common symbol       size              file

cBuf                0x20              ./src/commandInterpreter.o
__iob               0x6               c:/winavr-20100110/bin/../lib/gcc/avr/4.3.3/../../../../avr/lib/avr5\libc.a(iob.o)

Memory Configuration

Name             Origin             Length             Attributes
text             0x00000000         0x00020000         xr
data             0x00800060         0x0000ffa0         rw !x
eeprom           0x00810000         0x00010000         rw !x
fuse             0x00820000         0x00000400         rw !x
lock             0x00830000         0x00000400         rw !x
signature        0x00840000         0x00000400         rw !x
*default*        0x00000000         0xffffffff

Linker script and memory map

Address of section .data set to 0x800100
LOAD c:/winavr-20100110/bin/../lib/gcc/avr/4.3.3/../../../../avr/lib/avr5/crtm328p.o
LOAD ./src/uart/uart.o
LOAD ./src/commandInterpreter.o
LOAD ./src/main.o
LOAD ./src/i2c/twimaster.o
LOAD ./src/dsprintf/dsprintf.o
LOAD c:/winavr-20100110/bin/../lib/gcc/avr/4.3.3/avr5\libgcc.a
LOAD c:/winavr-20100110/bin/../lib/gcc/avr/4.3.3/../../../../avr/lib/avr5\libc.a
LOAD c:/winavr-20100110/bin/../lib/gcc/avr/4.3.3/avr5\libgcc.a

.hash
 *(.hash)

.dynsym
 *(.dynsym)

.dynstr
 *(.dynstr)

.gnu.version
 *(.gnu.version)

.gnu.version_d
 *(.gnu.version_d)

.gnu.version_r
 *(.gnu.version_r)

.rel.init
 *(.rel.init)

.rela.init
 *(.rela.init)

.rel.text
 *(.rel.text)
 *(.rel.text.*)
 *(.rel.gnu.linkonce.t*)

.rela.text
 *(.rela.text)
 *(.rela.text.*)
 *(.rela.gnu.linkonce.t*)

.rel.fini
 *(.rel.fini)

.rela.fini
 *(.rela.fini)

.rel.rodata
 *(.rel.rodata)
 *(.rel.rodata.*)
 *(.rel.gnu.linkonce.r*)

.rela.rodata
 *(.rela.rodata)
 *(.rela.rodata.*)
 *(.rela.gnu.linkonce.r*)

.rel.data
 *(.rel.data)
 *(.rel.data.*)
 *(.rel.gnu.linkonce.d*)

.rela.data
 *(.rela.data)
 *(.rela.data.*)
 *(.rela.gnu.linkonce.d*)

.rel.ctors
 *(.rel.ctors)

.rela.ctors
 *(.rela.ctors)

.rel.dtors
 *(.rel.dtors)

.rela.dtors
 *(.rela.dtors)

.rel.got
 *(.rel.got)

.rela.got
 *(.rela.got)

.rel.bss
 *(.rel.bss)

.rela.bss
 *(.rela.bss)

.rel.plt
 *(.rel.plt)

.rela.plt
 *(.rela.plt)

.text           0x00000000     0x14e0
 *(.vectors)
 .vectors       0x00000000       0x68 c:/winavr-20100110/bin/../lib/gcc/avr/4.3.3/../../../../avr/lib/avr5/crtm328p.o
                0x00000000                __vectors
                0x00000000                __vector_default
 *(.vectors)
 *(.progmem.gcc*)
 *(.progmem*)
 .progmem.data  0x00000068       0x10 ./src/commandInterpreter.o
 .progmem.data  0x00000078      0x1d5 ./src/main.o
                0x00000078                cmdTable
                0x0000024e                . = ALIGN (0x2)
 *fill*         0x0000024d        0x1 00
                0x0000024e                __trampolines_start = .
 *(.trampolines)
 .trampolines   0x0000024e        0x0 linker stubs
 *(.trampolines*)
                0x0000024e                __trampolines_end = .
 *(.jumptables)
 *(.jumptables*)
 *(.lowtext)
 *(.lowtext*)
                0x0000024e                __ctors_start = .
 *(.ctors)
                0x0000024e                __ctors_end = .
                0x0000024e                __dtors_start = .
 *(.dtors)
                0x0000024e                __dtors_end = .
 SORT(*)(.ctors)
 SORT(*)(.dtors)
 *(.init0)
 .init0         0x0000024e        0x0 c:/winavr-20100110/bin/../lib/gcc/avr/4.3.3/../../../../avr/lib/avr5/crtm328p.o
                0x0000024e                __init
 *(.init0)
 *(.init1)
 *(.init1)
 *(.init2)
 .init2         0x0000024e        0xc c:/winavr-20100110/bin/../lib/gcc/avr/4.3.3/../../../../avr/lib/avr5/crtm328p.o
 *(.init2)
 *(.init3)
 *(.init3)
 *(.init4)
 .init4         0x0000025a       0x16 c:/winavr-20100110/bin/../lib/gcc/avr/4.3.3/avr5\libgcc.a(_copy_data.o)
                0x0000025a                __do_copy_data
 .init4         0x00000270       0x10 c:/winavr-20100110/bin/../lib/gcc/avr/4.3.3/avr5\libgcc.a(_clear_bss.o)
                0x00000270                __do_clear_bss
 *(.init4)
 *(.init5)
 *(.init5)
 *(.init6)
 *(.init6)
 *(.init7)
 *(.init7)
 *(.init8)
 *(.init8)
 *(.init9)
 .init9         0x00000280        0x8 c:/winavr-20100110/bin/../lib/gcc/avr/4.3.3/../../../../avr/lib/avr5/crtm328p.o
 *(.init9)
 *(.text)
 .text          0x00000288        0x4 c:/winavr-20100110/bin/../lib/gcc/avr/4.3.3/../../../../avr/lib/avr5/crtm328p.o
                0x00000288                __vector_22
                0x00000288                __vector_1
                0x00000288                __vector_24
                0x00000288                __vector_12
                0x00000288                __bad_interrupt
                0x00000288                __vector_6
                0x00000288                __vector_3
                0x00000288                __vector_23
                0x00000288                __vector_25
                0x00000288                __vector_11
                0x00000288                __vector_17
                0x00000288                __vector_7
                0x00000288                __vector_5
                0x00000288                __vector_4
                0x00000288                __vector_9
                0x00000288                __vector_2
                0x00000288                __vector_21
                0x00000288                __vector_15
                0x00000288                __vector_8
                0x00000288                __vector_14
                0x00000288                __vector_10
                0x00000288                __vector_20
 .text          0x0000028c      0x1a0 ./src/uart/uart.o
                0x00000408                uart_available
                0x000003d2                uart_puts
                0x000003ec                uart_puts_p
                0x000002e4                __vector_19
                0x00000338                uart_init
                0x0000036c                uart_getc
                0x000003a6                uart_putc
                0x00000422                uart_flush
                0x0000028c                __vector_18
 .text          0x0000042c      0x18c ./src/commandInterpreter.o
                0x000004ce                commandInterpreter
                0x0000043e                printCommands
                0x0000042c                getChar
 .text          0x000005b8      0x254 ./src/main.o
                0x0000063c                reset
                0x000006f0                bit8TimerTest
                0x00000688                bit16TimerTest
                0x000005f6                __vector_13
                0x00000654                blink
                0x00000772                main
                0x000005b8                __vector_16
                0x00000748                init_hw
 .text          0x0000080c      0x10a ./src/i2c/twimaster.o
                0x000008ca                i2c_write
                0x00000902                i2c_readNak
                0x000008ee                i2c_readAck
                0x000008b4                i2c_rep_start
                0x00000818                i2c_start
                0x000008ba                i2c_stop
                0x00000864                i2c_start_wait
                0x0000080c                i2c_init
 .text          0x00000916      0x560 ./src/dsprintf/dsprintf.o
                0x00000e32                dsprintf_P
                0x00000e54                dsprintf
                0x00000962                dsprintf_
 .text          0x00000e76        0x0 c:/winavr-20100110/bin/../lib/gcc/avr/4.3.3/avr5\libgcc.a(_divmodhi4.o)
 .text          0x00000e76        0x0 c:/winavr-20100110/bin/../lib/gcc/avr/4.3.3/avr5\libgcc.a(_udivmodsi4.o)
 .text          0x00000e76        0x0 c:/winavr-20100110/bin/../lib/gcc/avr/4.3.3/avr5\libgcc.a(_exit.o)
 .text          0x00000e76        0x0 c:/winavr-20100110/bin/../lib/gcc/avr/4.3.3/avr5\libgcc.a(_copy_data.o)
 .text          0x00000e76        0x0 c:/winavr-20100110/bin/../lib/gcc/avr/4.3.3/avr5\libgcc.a(_clear_bss.o)
 .text          0x00000e76        0x0 c:/winavr-20100110/bin/../lib/gcc/avr/4.3.3/avr5\libgcc.a(_udivmodhi4.o)
 .text          0x00000e76        0x0 c:/winavr-20100110/bin/../lib/gcc/avr/4.3.3/../../../../avr/lib/avr5\libc.a(strcmp_P.o)
 .text          0x00000e76        0x0 c:/winavr-20100110/bin/../lib/gcc/avr/4.3.3/../../../../avr/lib/avr5\libc.a(strcpy_P.o)
 .text          0x00000e76        0x0 c:/winavr-20100110/bin/../lib/gcc/avr/4.3.3/../../../../avr/lib/avr5\libc.a(iob.o)
 .text          0x00000e76        0x0 c:/winavr-20100110/bin/../lib/gcc/avr/4.3.3/../../../../avr/lib/avr5\libc.a(printf_p.o)
 .text          0x00000e76        0x0 c:/winavr-20100110/bin/../lib/gcc/avr/4.3.3/../../../../avr/lib/avr5\libc.a(vfprintf_std.o)
 .text          0x00000e76        0x0 c:/winavr-20100110/bin/../lib/gcc/avr/4.3.3/../../../../avr/lib/avr5\libc.a(strnlen_P.o)
 .text          0x00000e76        0x0 c:/winavr-20100110/bin/../lib/gcc/avr/4.3.3/../../../../avr/lib/avr5\libc.a(strnlen.o)
 .text          0x00000e76        0x0 c:/winavr-20100110/bin/../lib/gcc/avr/4.3.3/../../../../avr/lib/avr5\libc.a(fputc.o)
 .text          0x00000e76        0x0 c:/winavr-20100110/bin/../lib/gcc/avr/4.3.3/../../../../avr/lib/avr5\libc.a(ultoa_invert.o)
 .text          0x00000e76        0x0 c:/winavr-20100110/bin/../lib/gcc/avr/4.3.3/avr5\libgcc.a(_prologue.o)
 .text          0x00000e76        0x0 c:/winavr-20100110/bin/../lib/gcc/avr/4.3.3/avr5\libgcc.a(_epilogue.o)
                0x00000e76                . = ALIGN (0x2)
 *(.text.*)
 .text.libgcc   0x00000e76       0x26 c:/winavr-20100110/bin/../lib/gcc/avr/4.3.3/avr5\libgcc.a(_divmodhi4.o)
                0x00000e76                __divmodhi4
                0x00000e76                _div
 .text.libgcc   0x00000e9c       0x44 c:/winavr-20100110/bin/../lib/gcc/avr/4.3.3/avr5\libgcc.a(_udivmodsi4.o)
                0x00000e9c                __udivmodsi4
 .text.libgcc   0x00000ee0        0x0 c:/winavr-20100110/bin/../lib/gcc/avr/4.3.3/avr5\libgcc.a(_exit.o)
 .text.libgcc   0x00000ee0        0x0 c:/winavr-20100110/bin/../lib/gcc/avr/4.3.3/avr5\libgcc.a(_copy_data.o)
 .text.libgcc   0x00000ee0        0x0 c:/winavr-20100110/bin/../lib/gcc/avr/4.3.3/avr5\libgcc.a(_clear_bss.o)
 .text.libgcc   0x00000ee0       0x28 c:/winavr-20100110/bin/../lib/gcc/avr/4.3.3/avr5\libgcc.a(_udivmodhi4.o)
                0x00000ee0                __udivmodhi4
 .text.avr-libc
                0x00000f08       0x12 c:/winavr-20100110/bin/../lib/gcc/avr/4.3.3/../../../../avr/lib/avr5\libc.a(strcmp_P.o)
                0x00000f08                strcmp_P
 .text.avr-libc
                0x00000f1a        0xe c:/winavr-20100110/bin/../lib/gcc/avr/4.3.3/../../../../avr/lib/avr5\libc.a(strcpy_P.o)
                0x00000f1a                strcpy_P
 .text.avr-libc
                0x00000f28       0x4c c:/winavr-20100110/bin/../lib/gcc/avr/4.3.3/../../../../avr/lib/avr5\libc.a(printf_p.o)
                0x00000f28                printf_P
 .text.avr-libc
                0x00000f74      0x3ba c:/winavr-20100110/bin/../lib/gcc/avr/4.3.3/../../../../avr/lib/avr5\libc.a(vfprintf_std.o)
                0x00000f74                vfprintf
 .text.avr-libc
                0x0000132e       0x16 c:/winavr-20100110/bin/../lib/gcc/avr/4.3.3/../../../../avr/lib/avr5\libc.a(strnlen_P.o)
                0x0000132e                strnlen_P
 .text.avr-libc
                0x00001344       0x16 c:/winavr-20100110/bin/../lib/gcc/avr/4.3.3/../../../../avr/lib/avr5\libc.a(strnlen.o)
                0x00001344                strnlen
 .text.avr-libc
                0x0000135a       0x58 c:/winavr-20100110/bin/../lib/gcc/avr/4.3.3/../../../../avr/lib/avr5\libc.a(fputc.o)
                0x0000135a                fputc
 .text.avr-libc
                0x000013b2       0xbc c:/winavr-20100110/bin/../lib/gcc/avr/4.3.3/../../../../avr/lib/avr5\libc.a(ultoa_invert.o)
                0x000013b2                __ultoa_invert
 .text.libgcc   0x0000146e       0x38 c:/winavr-20100110/bin/../lib/gcc/avr/4.3.3/avr5\libgcc.a(_prologue.o)
                0x0000146e                __prologue_saves__
 .text.libgcc   0x000014a6       0x36 c:/winavr-20100110/bin/../lib/gcc/avr/4.3.3/avr5\libgcc.a(_epilogue.o)
                0x000014a6                __epilogue_restores__
                0x000014dc                . = ALIGN (0x2)
 *(.fini9)
 .fini9         0x000014dc        0x0 c:/winavr-20100110/bin/../lib/gcc/avr/4.3.3/avr5\libgcc.a(_exit.o)
                0x000014dc                exit
                0x000014dc                _exit
 *(.fini9)
 *(.fini8)
 *(.fini8)
 *(.fini7)
 *(.fini7)
 *(.fini6)
 *(.fini6)
 *(.fini5)
 *(.fini5)
 *(.fini4)
 *(.fini4)
 *(.fini3)
 *(.fini3)
 *(.fini2)
 *(.fini2)
 *(.fini1)
 *(.fini1)
 *(.fini0)
 .fini0         0x000014dc        0x4 c:/winavr-20100110/bin/../lib/gcc/avr/4.3.3/avr5\libgcc.a(_exit.o)
 *(.fini0)
                0x000014e0                _etext = .

.data           0x00800100        0xe load address 0x000014e0
                0x00800100                PROVIDE (__data_start, .)
 *(.data)
 .data          0x00800100        0x0 c:/winavr-20100110/bin/../lib/gcc/avr/4.3.3/../../../../avr/lib/avr5/crtm328p.o
 .data          0x00800100        0x0 ./src/uart/uart.o
 .data          0x00800100        0x0 ./src/commandInterpreter.o
 .data          0x00800100        0xe ./src/main.o
 .data          0x0080010e        0x0 ./src/i2c/twimaster.o
 .data          0x0080010e        0x0 ./src/dsprintf/dsprintf.o
 .data          0x0080010e        0x0 c:/winavr-20100110/bin/../lib/gcc/avr/4.3.3/avr5\libgcc.a(_divmodhi4.o)
 .data          0x0080010e        0x0 c:/winavr-20100110/bin/../lib/gcc/avr/4.3.3/avr5\libgcc.a(_udivmodsi4.o)
 .data          0x0080010e        0x0 c:/winavr-20100110/bin/../lib/gcc/avr/4.3.3/avr5\libgcc.a(_exit.o)
 .data          0x0080010e        0x0 c:/winavr-20100110/bin/../lib/gcc/avr/4.3.3/avr5\libgcc.a(_copy_data.o)
 .data          0x0080010e        0x0 c:/winavr-20100110/bin/../lib/gcc/avr/4.3.3/avr5\libgcc.a(_clear_bss.o)
 .data          0x0080010e        0x0 c:/winavr-20100110/bin/../lib/gcc/avr/4.3.3/avr5\libgcc.a(_udivmodhi4.o)
 .data          0x0080010e        0x0 c:/winavr-20100110/bin/../lib/gcc/avr/4.3.3/../../../../avr/lib/avr5\libc.a(strcmp_P.o)
 .data          0x0080010e        0x0 c:/winavr-20100110/bin/../lib/gcc/avr/4.3.3/../../../../avr/lib/avr5\libc.a(strcpy_P.o)
 .data          0x0080010e        0x0 c:/winavr-20100110/bin/../lib/gcc/avr/4.3.3/../../../../avr/lib/avr5\libc.a(iob.o)
 .data          0x0080010e        0x0 c:/winavr-20100110/bin/../lib/gcc/avr/4.3.3/../../../../avr/lib/avr5\libc.a(printf_p.o)
 .data          0x0080010e        0x0 c:/winavr-20100110/bin/../lib/gcc/avr/4.3.3/../../../../avr/lib/avr5\libc.a(vfprintf_std.o)
 .data          0x0080010e        0x0 c:/winavr-20100110/bin/../lib/gcc/avr/4.3.3/../../../../avr/lib/avr5\libc.a(strnlen_P.o)
 .data          0x0080010e        0x0 c:/winavr-20100110/bin/../lib/gcc/avr/4.3.3/../../../../avr/lib/avr5\libc.a(strnlen.o)
 .data          0x0080010e        0x0 c:/winavr-20100110/bin/../lib/gcc/avr/4.3.3/../../../../avr/lib/avr5\libc.a(fputc.o)
 .data          0x0080010e        0x0 c:/winavr-20100110/bin/../lib/gcc/avr/4.3.3/../../../../avr/lib/avr5\libc.a(ultoa_invert.o)
 .data          0x0080010e        0x0 c:/winavr-20100110/bin/../lib/gcc/avr/4.3.3/avr5\libgcc.a(_prologue.o)
 .data          0x0080010e        0x0 c:/winavr-20100110/bin/../lib/gcc/avr/4.3.3/avr5\libgcc.a(_epilogue.o)
 *(.data*)
 *(.rodata)
 *(.rodata*)
 *(.gnu.linkonce.d*)
                0x0080010e                . = ALIGN (0x2)
                0x0080010e                _edata = .
                0x0080010e                PROVIDE (__data_end, .)

.bss            0x0080010e       0x6d
                0x0080010e                PROVIDE (__bss_start, .)
 *(.bss)
 .bss           0x0080010e        0x0 c:/winavr-20100110/bin/../lib/gcc/avr/4.3.3/../../../../avr/lib/avr5/crtm328p.o
 .bss           0x0080010e       0x45 ./src/uart/uart.o
 .bss           0x00800153        0x0 ./src/commandInterpreter.o
 .bss           0x00800153        0x2 ./src/main.o
 .bss           0x00800155        0x0 ./src/i2c/twimaster.o
 .bss           0x00800155        0x0 ./src/dsprintf/dsprintf.o
 .bss           0x00800155        0x0 c:/winavr-20100110/bin/../lib/gcc/avr/4.3.3/avr5\libgcc.a(_divmodhi4.o)
 .bss           0x00800155        0x0 c:/winavr-20100110/bin/../lib/gcc/avr/4.3.3/avr5\libgcc.a(_udivmodsi4.o)
 .bss           0x00800155        0x0 c:/winavr-20100110/bin/../lib/gcc/avr/4.3.3/avr5\libgcc.a(_exit.o)
 .bss           0x00800155        0x0 c:/winavr-20100110/bin/../lib/gcc/avr/4.3.3/avr5\libgcc.a(_copy_data.o)
 .bss           0x00800155        0x0 c:/winavr-20100110/bin/../lib/gcc/avr/4.3.3/avr5\libgcc.a(_clear_bss.o)
 .bss           0x00800155        0x0 c:/winavr-20100110/bin/../lib/gcc/avr/4.3.3/avr5\libgcc.a(_udivmodhi4.o)
 .bss           0x00800155        0x0 c:/winavr-20100110/bin/../lib/gcc/avr/4.3.3/../../../../avr/lib/avr5\libc.a(strcmp_P.o)
 .bss           0x00800155        0x0 c:/winavr-20100110/bin/../lib/gcc/avr/4.3.3/../../../../avr/lib/avr5\libc.a(strcpy_P.o)
 .bss           0x00800155        0x0 c:/winavr-20100110/bin/../lib/gcc/avr/4.3.3/../../../../avr/lib/avr5\libc.a(iob.o)
 .bss           0x00800155        0x0 c:/winavr-20100110/bin/../lib/gcc/avr/4.3.3/../../../../avr/lib/avr5\libc.a(printf_p.o)
 .bss           0x00800155        0x0 c:/winavr-20100110/bin/../lib/gcc/avr/4.3.3/../../../../avr/lib/avr5\libc.a(vfprintf_std.o)
 .bss           0x00800155        0x0 c:/winavr-20100110/bin/../lib/gcc/avr/4.3.3/../../../../avr/lib/avr5\libc.a(strnlen_P.o)
 .bss           0x00800155        0x0 c:/winavr-20100110/bin/../lib/gcc/avr/4.3.3/../../../../avr/lib/avr5\libc.a(strnlen.o)
 .bss           0x00800155        0x0 c:/winavr-20100110/bin/../lib/gcc/avr/4.3.3/../../../../avr/lib/avr5\libc.a(fputc.o)
 .bss           0x00800155        0x0 c:/winavr-20100110/bin/../lib/gcc/avr/4.3.3/../../../../avr/lib/avr5\libc.a(ultoa_invert.o)
 .bss           0x00800155        0x0 c:/winavr-20100110/bin/../lib/gcc/avr/4.3.3/avr5\libgcc.a(_prologue.o)
 .bss           0x00800155        0x0 c:/winavr-20100110/bin/../lib/gcc/avr/4.3.3/avr5\libgcc.a(_epilogue.o)
 *(.bss*)
 *(COMMON)
 COMMON         0x00800155       0x20 ./src/commandInterpreter.o
                0x00800155                cBuf
 COMMON         0x00800175        0x6 c:/winavr-20100110/bin/../lib/gcc/avr/4.3.3/../../../../avr/lib/avr5\libc.a(iob.o)
                0x00800175                __iob
                0x0080017b                PROVIDE (__bss_end, .)
                0x000014e0                __data_load_start = LOADADDR (.data)
                0x000014ee                __data_load_end = (__data_load_start + SIZEOF (.data))

.noinit         0x0080017b        0x0
                0x0080017b                PROVIDE (__noinit_start, .)
 *(.noinit*)
                0x0080017b                PROVIDE (__noinit_end, .)
                0x0080017b                _end = .
                0x0080017b                PROVIDE (__heap_start, .)

.eeprom         0x00810000        0x0
 *(.eeprom*)
                0x00810000                __eeprom_end = .

.fuse
 *(.fuse)
 *(.lfuse)
 *(.hfuse)
 *(.efuse)

.lock
 *(.lock*)

.signature
 *(.signature*)

.stab
 *(.stab)

.stabstr
 *(.stabstr)

.stab.excl
 *(.stab.excl)

.stab.exclstr
 *(.stab.exclstr)

.stab.index
 *(.stab.index)

.stab.indexstr
 *(.stab.indexstr)

.comment
 *(.comment)

.debug
 *(.debug)

.line
 *(.line)

.debug_srcinfo
 *(.debug_srcinfo)

.debug_sfnames
 *(.debug_sfnames)

.debug_aranges
 *(.debug_aranges)

.debug_pubnames
 *(.debug_pubnames)

.debug_info
 *(.debug_info)
 *(.gnu.linkonce.wi.*)

.debug_abbrev
 *(.debug_abbrev)

.debug_line
 *(.debug_line)

.debug_frame
 *(.debug_frame)

.debug_str
 *(.debug_str)

.debug_loc
 *(.debug_loc)

.debug_macinfo
 *(.debug_macinfo)
OUTPUT(Arduino_Basic.elf elf32-avr)
LOAD linker stubs
