Archive member included because of file (symbol)

c:/winavr-20100110/bin/../lib/gcc/avr/4.3.3/avr5\libgcc.a(_udivmodhi4.o)
                              ./src/eestruct/eestruct.o (__udivmodhi4)
c:/winavr-20100110/bin/../lib/gcc/avr/4.3.3/avr5\libgcc.a(_divmodhi4.o)
                              ./src/uart/uart.o (__divmodhi4)
c:/winavr-20100110/bin/../lib/gcc/avr/4.3.3/avr5\libgcc.a(_udivmodsi4.o)
                              ./src/dsprintf/dsprintf.o (__udivmodsi4)
c:/winavr-20100110/bin/../lib/gcc/avr/4.3.3/avr5\libgcc.a(_exit.o)
                              c:/winavr-20100110/bin/../lib/gcc/avr/4.3.3/../../../../avr/lib/avr5/crtm168.o (exit)
c:/winavr-20100110/bin/../lib/gcc/avr/4.3.3/avr5\libgcc.a(_copy_data.o)
                              ./src/main.o (__do_copy_data)
c:/winavr-20100110/bin/../lib/gcc/avr/4.3.3/avr5\libgcc.a(_clear_bss.o)
                              ./src/uart/uart.o (__do_clear_bss)
c:/winavr-20100110/bin/../lib/gcc/avr/4.3.3/../../../../avr/lib/avr5\libc.a(strcmp_P.o)
                              ./src/commandInterpreter.o (strcmp_P)
c:/winavr-20100110/bin/../lib/gcc/avr/4.3.3/../../../../avr/lib/avr5\libc.a(strcpy_P.o)
                              ./src/commandInterpreter.o (strcpy_P)
c:/winavr-20100110/bin/../lib/gcc/avr/4.3.3/../../../../avr/lib/avr5\libc.a(iob.o)
                              ./src/main.o (__iob)
c:/winavr-20100110/bin/../lib/gcc/avr/4.3.3/../../../../avr/lib/avr5\libc.a(printf.o)
                              ./src/main.o (printf)
c:/winavr-20100110/bin/../lib/gcc/avr/4.3.3/../../../../avr/lib/avr5\libc.a(printf_p.o)
                              ./src/commandInterpreter.o (printf_P)
c:/winavr-20100110/bin/../lib/gcc/avr/4.3.3/../../../../avr/lib/avr5\libc.a(vfprintf_std.o)
                              c:/winavr-20100110/bin/../lib/gcc/avr/4.3.3/../../../../avr/lib/avr5\libc.a(printf.o) (vfprintf)
c:/winavr-20100110/bin/../lib/gcc/avr/4.3.3/../../../../avr/lib/avr5\libc.a(eerd_block_atmega168.o)
                              ./src/eestruct/eestruct.o (__eerd_block_m168)
c:/winavr-20100110/bin/../lib/gcc/avr/4.3.3/../../../../avr/lib/avr5\libc.a(eewr_block_atmega168.o)
                              ./src/eestruct/eestruct.o (__eewr_block_m168)
c:/winavr-20100110/bin/../lib/gcc/avr/4.3.3/../../../../avr/lib/avr5\libc.a(eewr_byte_atmega168.o)
                              c:/winavr-20100110/bin/../lib/gcc/avr/4.3.3/../../../../avr/lib/avr5\libc.a(eewr_block_atmega168.o) (__eewr_r18_m168)
c:/winavr-20100110/bin/../lib/gcc/avr/4.3.3/../../../../avr/lib/avr5\libc.a(strnlen_P.o)
                              c:/winavr-20100110/bin/../lib/gcc/avr/4.3.3/../../../../avr/lib/avr5\libc.a(vfprintf_std.o) (strnlen_P)
c:/winavr-20100110/bin/../lib/gcc/avr/4.3.3/../../../../avr/lib/avr5\libc.a(strnlen.o)
                              c:/winavr-20100110/bin/../lib/gcc/avr/4.3.3/../../../../avr/lib/avr5\libc.a(vfprintf_std.o) (strnlen)
c:/winavr-20100110/bin/../lib/gcc/avr/4.3.3/../../../../avr/lib/avr5\libc.a(fputc.o)
                              c:/winavr-20100110/bin/../lib/gcc/avr/4.3.3/../../../../avr/lib/avr5\libc.a(vfprintf_std.o) (fputc)
c:/winavr-20100110/bin/../lib/gcc/avr/4.3.3/../../../../avr/lib/avr5\libc.a(ultoa_invert.o)
                              c:/winavr-20100110/bin/../lib/gcc/avr/4.3.3/../../../../avr/lib/avr5\libc.a(vfprintf_std.o) (__ultoa_invert)
c:/winavr-20100110/bin/../lib/gcc/avr/4.3.3/avr5\libgcc.a(_prologue.o)
                              c:/winavr-20100110/bin/../lib/gcc/avr/4.3.3/../../../../avr/lib/avr5\libc.a(printf.o) (__prologue_saves__)
c:/winavr-20100110/bin/../lib/gcc/avr/4.3.3/avr5\libgcc.a(_epilogue.o)
                              c:/winavr-20100110/bin/../lib/gcc/avr/4.3.3/../../../../avr/lib/avr5\libc.a(printf.o) (__epilogue_restores__)

Allocating common symbols
Common symbol       size              file

OW_OUT              0x2               ./src/ds1820/onewire.o
cBuf                0x20              ./src/commandInterpreter.o
OW_PIN_MASK         0x1               ./src/ds1820/onewire.o
OW_IN               0x2               ./src/ds1820/onewire.o
OW_DDR              0x2               ./src/ds1820/onewire.o
lcdState            0x1               ./src/main.o
__iob               0x6               c:/winavr-20100110/bin/../lib/gcc/avr/4.3.3/../../../../avr/lib/avr5\libc.a(iob.o)
tempData            0x6c              ./src/main.o
Eeprom              0x1a              ./src/eestruct/eestruct.o

Memory Configuration

Name             Origin             Length             Attributes
text             0x00000000         0x00020000         xr
data             0x00800060         0x0000ffa0         rw !x
eeprom           0x00810000         0x00010000         rw !x
fuse             0x00820000         0x00000400         rw !x
lock             0x00830000         0x00000400         rw !x
signature        0x00840000         0x00000400         rw !x
*default*        0x00000000         0xffffffff

Linker script and memory map

Address of section .data set to 0x800100
LOAD c:/winavr-20100110/bin/../lib/gcc/avr/4.3.3/../../../../avr/lib/avr5/crtm168.o
LOAD ./src/uart/uart.o
LOAD ./src/commandInterpreter.o
LOAD ./src/main.o
LOAD ./src/queue.o
LOAD ./src/lcd/lcd.o
LOAD ./src/i2c/twimaster.o
LOAD ./src/eestruct/eestruct.o
LOAD ./src/dsprintf/dsprintf.o
LOAD ./src/ds1820/crc8.o
LOAD ./src/ds1820/delay.o
LOAD ./src/ds1820/ds18x20.o
LOAD ./src/ds1820/onewire.o
LOAD c:/winavr-20100110/bin/../lib/gcc/avr/4.3.3/avr5\libgcc.a
LOAD c:/winavr-20100110/bin/../lib/gcc/avr/4.3.3/../../../../avr/lib/avr5\libc.a
LOAD c:/winavr-20100110/bin/../lib/gcc/avr/4.3.3/avr5\libgcc.a

.hash
 *(.hash)

.dynsym
 *(.dynsym)

.dynstr
 *(.dynstr)

.gnu.version
 *(.gnu.version)

.gnu.version_d
 *(.gnu.version_d)

.gnu.version_r
 *(.gnu.version_r)

.rel.init
 *(.rel.init)

.rela.init
 *(.rela.init)

.rel.text
 *(.rel.text)
 *(.rel.text.*)
 *(.rel.gnu.linkonce.t*)

.rela.text
 *(.rela.text)
 *(.rela.text.*)
 *(.rela.gnu.linkonce.t*)

.rel.fini
 *(.rel.fini)

.rela.fini
 *(.rela.fini)

.rel.rodata
 *(.rel.rodata)
 *(.rel.rodata.*)
 *(.rel.gnu.linkonce.r*)

.rela.rodata
 *(.rela.rodata)
 *(.rela.rodata.*)
 *(.rela.gnu.linkonce.r*)

.rel.data
 *(.rel.data)
 *(.rel.data.*)
 *(.rel.gnu.linkonce.d*)

.rela.data
 *(.rela.data)
 *(.rela.data.*)
 *(.rela.gnu.linkonce.d*)

.rel.ctors
 *(.rel.ctors)

.rela.ctors
 *(.rela.ctors)

.rel.dtors
 *(.rel.dtors)

.rela.dtors
 *(.rela.dtors)

.rel.got
 *(.rel.got)

.rela.got
 *(.rela.got)

.rel.bss
 *(.rel.bss)

.rela.bss
 *(.rela.bss)

.rel.plt
 *(.rel.plt)

.rela.plt
 *(.rela.plt)

.text           0x00000000     0x2602
 *(.vectors)
 .vectors       0x00000000       0x68 c:/winavr-20100110/bin/../lib/gcc/avr/4.3.3/../../../../avr/lib/avr5/crtm168.o
                0x00000000                __vectors
                0x00000000                __vector_default
 *(.vectors)
 *(.progmem.gcc*)
 *(.progmem*)
 .progmem.data  0x00000068       0x10 ./src/commandInterpreter.o
 .progmem.data  0x00000078       0xde ./src/main.o
                0x00000156                . = ALIGN (0x2)
                0x00000156                __trampolines_start = .
 *(.trampolines)
 .trampolines   0x00000156        0x0 linker stubs
 *(.trampolines*)
                0x00000156                __trampolines_end = .
 *(.jumptables)
 *(.jumptables*)
 *(.lowtext)
 *(.lowtext*)
                0x00000156                __ctors_start = .
 *(.ctors)
                0x00000156                __ctors_end = .
                0x00000156                __dtors_start = .
 *(.dtors)
                0x00000156                __dtors_end = .
 SORT(*)(.ctors)
 SORT(*)(.dtors)
 *(.init0)
 .init0         0x00000156        0x0 c:/winavr-20100110/bin/../lib/gcc/avr/4.3.3/../../../../avr/lib/avr5/crtm168.o
                0x00000156                __init
 *(.init0)
 *(.init1)
 *(.init1)
 *(.init2)
 .init2         0x00000156        0xc c:/winavr-20100110/bin/../lib/gcc/avr/4.3.3/../../../../avr/lib/avr5/crtm168.o
 *(.init2)
 *(.init3)
 *(.init3)
 *(.init4)
 .init4         0x00000162       0x16 c:/winavr-20100110/bin/../lib/gcc/avr/4.3.3/avr5\libgcc.a(_copy_data.o)
                0x00000162                __do_copy_data
 .init4         0x00000178       0x10 c:/winavr-20100110/bin/../lib/gcc/avr/4.3.3/avr5\libgcc.a(_clear_bss.o)
                0x00000178                __do_clear_bss
 *(.init4)
 *(.init5)
 *(.init5)
 *(.init6)
 *(.init6)
 *(.init7)
 *(.init7)
 *(.init8)
 *(.init8)
 *(.init9)
 .init9         0x00000188        0x8 c:/winavr-20100110/bin/../lib/gcc/avr/4.3.3/../../../../avr/lib/avr5/crtm168.o
 *(.init9)
 *(.text)
 .text          0x00000190        0x4 c:/winavr-20100110/bin/../lib/gcc/avr/4.3.3/../../../../avr/lib/avr5/crtm168.o
                0x00000190                __vector_22
                0x00000190                __vector_1
                0x00000190                __vector_24
                0x00000190                __vector_12
                0x00000190                __bad_interrupt
                0x00000190                __vector_6
                0x00000190                __vector_3
                0x00000190                __vector_23
                0x00000190                __vector_25
                0x00000190                __vector_11
                0x00000190                __vector_13
                0x00000190                __vector_17
                0x00000190                __vector_7
                0x00000190                __vector_5
                0x00000190                __vector_4
                0x00000190                __vector_9
                0x00000190                __vector_2
                0x00000190                __vector_21
                0x00000190                __vector_15
                0x00000190                __vector_8
                0x00000190                __vector_14
                0x00000190                __vector_10
                0x00000190                __vector_16
                0x00000190                __vector_20
 .text          0x00000194      0x1a0 ./src/uart/uart.o
                0x00000310                uart_available
                0x000002da                uart_puts
                0x000002f4                uart_puts_p
                0x000001ec                __vector_19
                0x00000240                uart_init
                0x00000274                uart_getc
                0x000002ae                uart_putc
                0x0000032a                uart_flush
                0x00000194                __vector_18
 .text          0x00000334      0x18c ./src/commandInterpreter.o
                0x000003d6                commandInterpreter
                0x00000346                printCommands
                0x00000334                getChar
 .text          0x000004c0      0x560 ./src/main.o
                0x00000518                updateLCD
                0x000005ce                updateTemperature
                0x000009e0                main
                0x00000776                testRead
                0x000004c0                lcdTest
                0x000009c2                init_hw
 .text          0x00000a20       0x2c ./src/queue.o
                0x00000a2c                queue_send
                0x00000a20                element_cpy
                0x00000a22                queue_init
 .text          0x00000a4c      0x1ee ./src/lcd/lcd.o
                0x00000b06                lcd_data
                0x00000b1a                lcd_gotoxy
                0x00000b52                lcd_putc
                0x00000b4a                lcd_home
                0x00000b42                lcd_clrscr
                0x00000b3a                lcd_getxy
                0x00000b92                lcd_puts
                0x00000baa                lcd_puts_p
                0x00000bc6                lcd_init
                0x00000af2                lcd_command
 .text          0x00000c3a      0x10a ./src/i2c/twimaster.o
                0x00000cf8                i2c_write
                0x00000d30                i2c_readNak
                0x00000d1c                i2c_readAck
                0x00000ce2                i2c_rep_start
                0x00000c46                i2c_start
                0x00000ce8                i2c_stop
                0x00000c92                i2c_start_wait
                0x00000c3a                i2c_init
 .text          0x00000d44      0x518 ./src/eestruct/eestruct.o
                0x00000d98                SetEEPROMStructureParameters
                0x00000e16                SaveEEPROMStructure
                0x00000f94                ClearEEPROM
                0x00000d44                Crc16Memory
                0x00001048                LoadEEPROMStructure
 .text          0x0000125c      0x560 ./src/dsprintf/dsprintf.o
                0x00001778                dsprintf_P
                0x0000179a                dsprintf
                0x000012a8                dsprintf_
 .text          0x000017bc       0x40 ./src/ds1820/crc8.o
                0x000017bc                crc8
 .text          0x000017fc       0x1a ./src/ds1820/delay.o
                0x000017fc                delayloop32
 .text          0x00001816      0x46a ./src/ds1820/ds18x20.o
                0x00001a6e                DS18X20_write_scratchpad
                0x000019de                DS18X20_copy_scratchpad
                0x00001b6c                DS18X20_read_meas
                0x00001abe                DS18X20_read_meas_single
                0x000018b8                DS18X20_temp_to_decicel
                0x000019aa                DS18X20_start_meas
                0x00001c22                DS18X20_get_power_status
                0x00001a26                DS18X20_read_scratchpad
                0x0000194e                DS18X20_temp_cmp
                0x00001978                DS18X20_recall_E2
                0x00001816                DS18X20_meas_to_cel
                0x00001c4c                DS18X20_find_sensor
 .text          0x00001c80      0x29e ./src/ds1820/onewire.o
                0x00001ee0                ow_command
                0x00001ce2                ow_reset
                0x00001c80                ow_input_pin_state
                0x00001e40                ow_byte_rd
                0x00001e48                ow_rom_search
                0x00001cb8                ow_parasite_disable
                0x00001c92                ow_parasite_enable
                0x00001d6a                ow_set_bus
                0x00001e1e                ow_byte_wr
                0x00001d9a                ow_bit_io
 .text          0x00001f1e        0x0 c:/winavr-20100110/bin/../lib/gcc/avr/4.3.3/avr5\libgcc.a(_udivmodhi4.o)
 .text          0x00001f1e        0x0 c:/winavr-20100110/bin/../lib/gcc/avr/4.3.3/avr5\libgcc.a(_divmodhi4.o)
 .text          0x00001f1e        0x0 c:/winavr-20100110/bin/../lib/gcc/avr/4.3.3/avr5\libgcc.a(_udivmodsi4.o)
 .text          0x00001f1e        0x0 c:/winavr-20100110/bin/../lib/gcc/avr/4.3.3/avr5\libgcc.a(_exit.o)
 .text          0x00001f1e        0x0 c:/winavr-20100110/bin/../lib/gcc/avr/4.3.3/avr5\libgcc.a(_copy_data.o)
 .text          0x00001f1e        0x0 c:/winavr-20100110/bin/../lib/gcc/avr/4.3.3/avr5\libgcc.a(_clear_bss.o)
 .text          0x00001f1e        0x0 c:/winavr-20100110/bin/../lib/gcc/avr/4.3.3/../../../../avr/lib/avr5\libc.a(strcmp_P.o)
 .text          0x00001f1e        0x0 c:/winavr-20100110/bin/../lib/gcc/avr/4.3.3/../../../../avr/lib/avr5\libc.a(strcpy_P.o)
 .text          0x00001f1e        0x0 c:/winavr-20100110/bin/../lib/gcc/avr/4.3.3/../../../../avr/lib/avr5\libc.a(iob.o)
 .text          0x00001f1e        0x0 c:/winavr-20100110/bin/../lib/gcc/avr/4.3.3/../../../../avr/lib/avr5\libc.a(printf.o)
 .text          0x00001f1e        0x0 c:/winavr-20100110/bin/../lib/gcc/avr/4.3.3/../../../../avr/lib/avr5\libc.a(printf_p.o)
 .text          0x00001f1e        0x0 c:/winavr-20100110/bin/../lib/gcc/avr/4.3.3/../../../../avr/lib/avr5\libc.a(vfprintf_std.o)
 .text          0x00001f1e        0x0 c:/winavr-20100110/bin/../lib/gcc/avr/4.3.3/../../../../avr/lib/avr5\libc.a(eerd_block_atmega168.o)
 .text          0x00001f1e        0x0 c:/winavr-20100110/bin/../lib/gcc/avr/4.3.3/../../../../avr/lib/avr5\libc.a(eewr_block_atmega168.o)
 .text          0x00001f1e        0x0 c:/winavr-20100110/bin/../lib/gcc/avr/4.3.3/../../../../avr/lib/avr5\libc.a(eewr_byte_atmega168.o)
 .text          0x00001f1e        0x0 c:/winavr-20100110/bin/../lib/gcc/avr/4.3.3/../../../../avr/lib/avr5\libc.a(strnlen_P.o)
 .text          0x00001f1e        0x0 c:/winavr-20100110/bin/../lib/gcc/avr/4.3.3/../../../../avr/lib/avr5\libc.a(strnlen.o)
 .text          0x00001f1e        0x0 c:/winavr-20100110/bin/../lib/gcc/avr/4.3.3/../../../../avr/lib/avr5\libc.a(fputc.o)
 .text          0x00001f1e        0x0 c:/winavr-20100110/bin/../lib/gcc/avr/4.3.3/../../../../avr/lib/avr5\libc.a(ultoa_invert.o)
 .text          0x00001f1e        0x0 c:/winavr-20100110/bin/../lib/gcc/avr/4.3.3/avr5\libgcc.a(_prologue.o)
 .text          0x00001f1e        0x0 c:/winavr-20100110/bin/../lib/gcc/avr/4.3.3/avr5\libgcc.a(_epilogue.o)
                0x00001f1e                . = ALIGN (0x2)
 *(.text.*)
 .text.libgcc   0x00001f1e       0x28 c:/winavr-20100110/bin/../lib/gcc/avr/4.3.3/avr5\libgcc.a(_udivmodhi4.o)
                0x00001f1e                __udivmodhi4
 .text.libgcc   0x00001f46       0x26 c:/winavr-20100110/bin/../lib/gcc/avr/4.3.3/avr5\libgcc.a(_divmodhi4.o)
                0x00001f46                __divmodhi4
                0x00001f46                _div
 .text.libgcc   0x00001f6c       0x44 c:/winavr-20100110/bin/../lib/gcc/avr/4.3.3/avr5\libgcc.a(_udivmodsi4.o)
                0x00001f6c                __udivmodsi4
 .text.libgcc   0x00001fb0        0x0 c:/winavr-20100110/bin/../lib/gcc/avr/4.3.3/avr5\libgcc.a(_exit.o)
 .text.libgcc   0x00001fb0        0x0 c:/winavr-20100110/bin/../lib/gcc/avr/4.3.3/avr5\libgcc.a(_copy_data.o)
 .text.libgcc   0x00001fb0        0x0 c:/winavr-20100110/bin/../lib/gcc/avr/4.3.3/avr5\libgcc.a(_clear_bss.o)
 .text.avr-libc
                0x00001fb0       0x12 c:/winavr-20100110/bin/../lib/gcc/avr/4.3.3/../../../../avr/lib/avr5\libc.a(strcmp_P.o)
                0x00001fb0                strcmp_P
 .text.avr-libc
                0x00001fc2        0xe c:/winavr-20100110/bin/../lib/gcc/avr/4.3.3/../../../../avr/lib/avr5\libc.a(strcpy_P.o)
                0x00001fc2                strcpy_P
 .text.avr-libc
                0x00001fd0       0x2a c:/winavr-20100110/bin/../lib/gcc/avr/4.3.3/../../../../avr/lib/avr5\libc.a(printf.o)
                0x00001fd0                printf
 .text.avr-libc
                0x00001ffa       0x4c c:/winavr-20100110/bin/../lib/gcc/avr/4.3.3/../../../../avr/lib/avr5\libc.a(printf_p.o)
                0x00001ffa                printf_P
 .text.avr-libc
                0x00002046      0x3ba c:/winavr-20100110/bin/../lib/gcc/avr/4.3.3/../../../../avr/lib/avr5\libc.a(vfprintf_std.o)
                0x00002046                vfprintf
 .text.avr-libc
                0x00002400       0x20 c:/winavr-20100110/bin/../lib/gcc/avr/4.3.3/../../../../avr/lib/avr5\libc.a(eerd_block_atmega168.o)
                0x00002404                __eerd_blraw_m168
                0x00002400                __eerd_block_m168
 .text.avr-libc
                0x00002420       0x14 c:/winavr-20100110/bin/../lib/gcc/avr/4.3.3/../../../../avr/lib/avr5\libc.a(eewr_block_atmega168.o)
                0x00002420                __eewr_block_m168
 .text.avr-libc
                0x00002434       0x1c c:/winavr-20100110/bin/../lib/gcc/avr/4.3.3/../../../../avr/lib/avr5\libc.a(eewr_byte_atmega168.o)
                0x00002436                __eewr_r18_m168
                0x00002434                __eewr_byte_m168
 .text.avr-libc
                0x00002450       0x16 c:/winavr-20100110/bin/../lib/gcc/avr/4.3.3/../../../../avr/lib/avr5\libc.a(strnlen_P.o)
                0x00002450                strnlen_P
 .text.avr-libc
                0x00002466       0x16 c:/winavr-20100110/bin/../lib/gcc/avr/4.3.3/../../../../avr/lib/avr5\libc.a(strnlen.o)
                0x00002466                strnlen
 .text.avr-libc
                0x0000247c       0x58 c:/winavr-20100110/bin/../lib/gcc/avr/4.3.3/../../../../avr/lib/avr5\libc.a(fputc.o)
                0x0000247c                fputc
 .text.avr-libc
                0x000024d4       0xbc c:/winavr-20100110/bin/../lib/gcc/avr/4.3.3/../../../../avr/lib/avr5\libc.a(ultoa_invert.o)
                0x000024d4                __ultoa_invert
 .text.libgcc   0x00002590       0x38 c:/winavr-20100110/bin/../lib/gcc/avr/4.3.3/avr5\libgcc.a(_prologue.o)
                0x00002590                __prologue_saves__
 .text.libgcc   0x000025c8       0x36 c:/winavr-20100110/bin/../lib/gcc/avr/4.3.3/avr5\libgcc.a(_epilogue.o)
                0x000025c8                __epilogue_restores__
                0x000025fe                . = ALIGN (0x2)
 *(.fini9)
 .fini9         0x000025fe        0x0 c:/winavr-20100110/bin/../lib/gcc/avr/4.3.3/avr5\libgcc.a(_exit.o)
                0x000025fe                exit
                0x000025fe                _exit
 *(.fini9)
 *(.fini8)
 *(.fini8)
 *(.fini7)
 *(.fini7)
 *(.fini6)
 *(.fini6)
 *(.fini5)
 *(.fini5)
 *(.fini4)
 *(.fini4)
 *(.fini3)
 *(.fini3)
 *(.fini2)
 *(.fini2)
 *(.fini1)
 *(.fini1)
 *(.fini0)
 .fini0         0x000025fe        0x4 c:/winavr-20100110/bin/../lib/gcc/avr/4.3.3/avr5\libgcc.a(_exit.o)
 *(.fini0)
                0x00002602                _etext = .

.data           0x00800100       0x1c load address 0x00002602
                0x00800100                PROVIDE (__data_start, .)
 *(.data)
 .data          0x00800100        0x0 c:/winavr-20100110/bin/../lib/gcc/avr/4.3.3/../../../../avr/lib/avr5/crtm168.o
 .data          0x00800100        0x0 ./src/uart/uart.o
 .data          0x00800100        0x0 ./src/commandInterpreter.o
 .data          0x00800100       0x14 ./src/main.o
 .data          0x00800114        0x0 ./src/queue.o
 .data          0x00800114        0x0 ./src/lcd/lcd.o
 .data          0x00800114        0x0 ./src/i2c/twimaster.o
 .data          0x00800114        0x0 ./src/eestruct/eestruct.o
 .data          0x00800114        0x0 ./src/dsprintf/dsprintf.o
 .data          0x00800114        0x0 ./src/ds1820/crc8.o
 .data          0x00800114        0x0 ./src/ds1820/delay.o
 .data          0x00800114        0x8 ./src/ds1820/ds18x20.o
 .data          0x0080011c        0x0 ./src/ds1820/onewire.o
 .data          0x0080011c        0x0 c:/winavr-20100110/bin/../lib/gcc/avr/4.3.3/avr5\libgcc.a(_udivmodhi4.o)
 .data          0x0080011c        0x0 c:/winavr-20100110/bin/../lib/gcc/avr/4.3.3/avr5\libgcc.a(_divmodhi4.o)
 .data          0x0080011c        0x0 c:/winavr-20100110/bin/../lib/gcc/avr/4.3.3/avr5\libgcc.a(_udivmodsi4.o)
 .data          0x0080011c        0x0 c:/winavr-20100110/bin/../lib/gcc/avr/4.3.3/avr5\libgcc.a(_exit.o)
 .data          0x0080011c        0x0 c:/winavr-20100110/bin/../lib/gcc/avr/4.3.3/avr5\libgcc.a(_copy_data.o)
 .data          0x0080011c        0x0 c:/winavr-20100110/bin/../lib/gcc/avr/4.3.3/avr5\libgcc.a(_clear_bss.o)
 .data          0x0080011c        0x0 c:/winavr-20100110/bin/../lib/gcc/avr/4.3.3/../../../../avr/lib/avr5\libc.a(strcmp_P.o)
 .data          0x0080011c        0x0 c:/winavr-20100110/bin/../lib/gcc/avr/4.3.3/../../../../avr/lib/avr5\libc.a(strcpy_P.o)
 .data          0x0080011c        0x0 c:/winavr-20100110/bin/../lib/gcc/avr/4.3.3/../../../../avr/lib/avr5\libc.a(iob.o)
 .data          0x0080011c        0x0 c:/winavr-20100110/bin/../lib/gcc/avr/4.3.3/../../../../avr/lib/avr5\libc.a(printf.o)
 .data          0x0080011c        0x0 c:/winavr-20100110/bin/../lib/gcc/avr/4.3.3/../../../../avr/lib/avr5\libc.a(printf_p.o)
 .data          0x0080011c        0x0 c:/winavr-20100110/bin/../lib/gcc/avr/4.3.3/../../../../avr/lib/avr5\libc.a(vfprintf_std.o)
 .data          0x0080011c        0x0 c:/winavr-20100110/bin/../lib/gcc/avr/4.3.3/../../../../avr/lib/avr5\libc.a(eerd_block_atmega168.o)
 .data          0x0080011c        0x0 c:/winavr-20100110/bin/../lib/gcc/avr/4.3.3/../../../../avr/lib/avr5\libc.a(eewr_block_atmega168.o)
 .data          0x0080011c        0x0 c:/winavr-20100110/bin/../lib/gcc/avr/4.3.3/../../../../avr/lib/avr5\libc.a(eewr_byte_atmega168.o)
 .data          0x0080011c        0x0 c:/winavr-20100110/bin/../lib/gcc/avr/4.3.3/../../../../avr/lib/avr5\libc.a(strnlen_P.o)
 .data          0x0080011c        0x0 c:/winavr-20100110/bin/../lib/gcc/avr/4.3.3/../../../../avr/lib/avr5\libc.a(strnlen.o)
 .data          0x0080011c        0x0 c:/winavr-20100110/bin/../lib/gcc/avr/4.3.3/../../../../avr/lib/avr5\libc.a(fputc.o)
 .data          0x0080011c        0x0 c:/winavr-20100110/bin/../lib/gcc/avr/4.3.3/../../../../avr/lib/avr5\libc.a(ultoa_invert.o)
 .data          0x0080011c        0x0 c:/winavr-20100110/bin/../lib/gcc/avr/4.3.3/avr5\libgcc.a(_prologue.o)
 .data          0x0080011c        0x0 c:/winavr-20100110/bin/../lib/gcc/avr/4.3.3/avr5\libgcc.a(_epilogue.o)
 *(.data*)
 *(.rodata)
 *(.rodata*)
 *(.gnu.linkonce.d*)
                0x0080011c                . = ALIGN (0x2)
                0x0080011c                _edata = .
                0x0080011c                PROVIDE (__data_end, .)

.bss            0x0080011c      0x149
                0x0080011c                PROVIDE (__bss_start, .)
 *(.bss)
 .bss           0x0080011c        0x0 c:/winavr-20100110/bin/../lib/gcc/avr/4.3.3/../../../../avr/lib/avr5/crtm168.o
 .bss           0x0080011c       0x45 ./src/uart/uart.o
 .bss           0x00800161        0x0 ./src/commandInterpreter.o
 .bss           0x00800161       0x50 ./src/main.o
 .bss           0x008001b1        0x0 ./src/queue.o
 .bss           0x008001b1        0x0 ./src/lcd/lcd.o
 .bss           0x008001b1        0x0 ./src/i2c/twimaster.o
 .bss           0x008001b1        0x0 ./src/eestruct/eestruct.o
 .bss           0x008001b1        0x0 ./src/dsprintf/dsprintf.o
 .bss           0x008001b1        0x0 ./src/ds1820/crc8.o
 .bss           0x008001b1        0x0 ./src/ds1820/delay.o
 .bss           0x008001b1        0x0 ./src/ds1820/ds18x20.o
 .bss           0x008001b1        0x0 ./src/ds1820/onewire.o
 .bss           0x008001b1        0x0 c:/winavr-20100110/bin/../lib/gcc/avr/4.3.3/avr5\libgcc.a(_udivmodhi4.o)
 .bss           0x008001b1        0x0 c:/winavr-20100110/bin/../lib/gcc/avr/4.3.3/avr5\libgcc.a(_divmodhi4.o)
 .bss           0x008001b1        0x0 c:/winavr-20100110/bin/../lib/gcc/avr/4.3.3/avr5\libgcc.a(_udivmodsi4.o)
 .bss           0x008001b1        0x0 c:/winavr-20100110/bin/../lib/gcc/avr/4.3.3/avr5\libgcc.a(_exit.o)
 .bss           0x008001b1        0x0 c:/winavr-20100110/bin/../lib/gcc/avr/4.3.3/avr5\libgcc.a(_copy_data.o)
 .bss           0x008001b1        0x0 c:/winavr-20100110/bin/../lib/gcc/avr/4.3.3/avr5\libgcc.a(_clear_bss.o)
 .bss           0x008001b1        0x0 c:/winavr-20100110/bin/../lib/gcc/avr/4.3.3/../../../../avr/lib/avr5\libc.a(strcmp_P.o)
 .bss           0x008001b1        0x0 c:/winavr-20100110/bin/../lib/gcc/avr/4.3.3/../../../../avr/lib/avr5\libc.a(strcpy_P.o)
 .bss           0x008001b1        0x0 c:/winavr-20100110/bin/../lib/gcc/avr/4.3.3/../../../../avr/lib/avr5\libc.a(iob.o)
 .bss           0x008001b1        0x0 c:/winavr-20100110/bin/../lib/gcc/avr/4.3.3/../../../../avr/lib/avr5\libc.a(printf.o)
 .bss           0x008001b1        0x0 c:/winavr-20100110/bin/../lib/gcc/avr/4.3.3/../../../../avr/lib/avr5\libc.a(printf_p.o)
 .bss           0x008001b1        0x0 c:/winavr-20100110/bin/../lib/gcc/avr/4.3.3/../../../../avr/lib/avr5\libc.a(vfprintf_std.o)
 .bss           0x008001b1        0x0 c:/winavr-20100110/bin/../lib/gcc/avr/4.3.3/../../../../avr/lib/avr5\libc.a(eerd_block_atmega168.o)
 .bss           0x008001b1        0x0 c:/winavr-20100110/bin/../lib/gcc/avr/4.3.3/../../../../avr/lib/avr5\libc.a(eewr_block_atmega168.o)
 .bss           0x008001b1        0x0 c:/winavr-20100110/bin/../lib/gcc/avr/4.3.3/../../../../avr/lib/avr5\libc.a(eewr_byte_atmega168.o)
 .bss           0x008001b1        0x0 c:/winavr-20100110/bin/../lib/gcc/avr/4.3.3/../../../../avr/lib/avr5\libc.a(strnlen_P.o)
 .bss           0x008001b1        0x0 c:/winavr-20100110/bin/../lib/gcc/avr/4.3.3/../../../../avr/lib/avr5\libc.a(strnlen.o)
 .bss           0x008001b1        0x0 c:/winavr-20100110/bin/../lib/gcc/avr/4.3.3/../../../../avr/lib/avr5\libc.a(fputc.o)
 .bss           0x008001b1        0x0 c:/winavr-20100110/bin/../lib/gcc/avr/4.3.3/../../../../avr/lib/avr5\libc.a(ultoa_invert.o)
 .bss           0x008001b1        0x0 c:/winavr-20100110/bin/../lib/gcc/avr/4.3.3/avr5\libgcc.a(_prologue.o)
 .bss           0x008001b1        0x0 c:/winavr-20100110/bin/../lib/gcc/avr/4.3.3/avr5\libgcc.a(_epilogue.o)
 *(.bss*)
 *(COMMON)
 COMMON         0x008001b1       0x20 ./src/commandInterpreter.o
                0x008001b1                cBuf
 COMMON         0x008001d1       0x6d ./src/main.o
                0x008001d1                lcdState
                0x008001d2                tempData
 COMMON         0x0080023e       0x1a ./src/eestruct/eestruct.o
                0x0080023e                Eeprom
 COMMON         0x00800258        0x7 ./src/ds1820/onewire.o
                0x00800258                OW_OUT
                0x0080025a                OW_PIN_MASK
                0x0080025b                OW_IN
                0x0080025d                OW_DDR
 COMMON         0x0080025f        0x6 c:/winavr-20100110/bin/../lib/gcc/avr/4.3.3/../../../../avr/lib/avr5\libc.a(iob.o)
                0x0080025f                __iob
                0x00800265                PROVIDE (__bss_end, .)
                0x00002602                __data_load_start = LOADADDR (.data)
                0x0000261e                __data_load_end = (__data_load_start + SIZEOF (.data))

.noinit         0x00800265        0x0
                0x00800265                PROVIDE (__noinit_start, .)
 *(.noinit*)
                0x00800265                PROVIDE (__noinit_end, .)
                0x00800265                _end = .
                0x00800265                PROVIDE (__heap_start, .)

.eeprom         0x00810000        0x0
 *(.eeprom*)
                0x00810000                __eeprom_end = .

.fuse
 *(.fuse)
 *(.lfuse)
 *(.hfuse)
 *(.efuse)

.lock
 *(.lock*)

.signature
 *(.signature*)

.stab
 *(.stab)

.stabstr
 *(.stabstr)

.stab.excl
 *(.stab.excl)

.stab.exclstr
 *(.stab.exclstr)

.stab.index
 *(.stab.index)

.stab.indexstr
 *(.stab.indexstr)

.comment
 *(.comment)

.debug
 *(.debug)

.line
 *(.line)

.debug_srcinfo
 *(.debug_srcinfo)

.debug_sfnames
 *(.debug_sfnames)

.debug_aranges
 *(.debug_aranges)

.debug_pubnames
 *(.debug_pubnames)

.debug_info
 *(.debug_info)
 *(.gnu.linkonce.wi.*)

.debug_abbrev
 *(.debug_abbrev)

.debug_line
 *(.debug_line)

.debug_frame
 *(.debug_frame)

.debug_str
 *(.debug_str)

.debug_loc
 *(.debug_loc)

.debug_macinfo
 *(.debug_macinfo)
OUTPUT(TempMonitor2.elf elf32-avr)
LOAD linker stubs
